ASxxxx Linker V03.00 + NoICE + sdld,  page 1.
Hexadecimal  [32-Bits]

Area                                    Addr        Size        Decimal Bytes (Attributes)
--------------------------------        ----        ----        ------- ----- ------------
.  .ABS.                            00000000    00000000 =           0. bytes (ABS,CON)

      Value  Global                              Global Defined In Module
      -----  --------------------------------   ------------------------
     00000000  .__.ABS.                           
     00000000  _rRAMG                             
     00000000  l__BASE                         
     00000000  l__BSS                          
     00000000  l__CABS                         
     00000000  l__CODE_0                       
     00000000  l__CRASH_HEADER                 
     00000000  l__CRASH_SCRATCH                
     00000000  l__DABS                         
     00000000  l__EHL_TRAMPOLINE               
     00000000  l__HEADER                       
     00000000  l__HEADER_LCD                   
     00000000  l__HEADER_SIO                   
     00000000  l__HEADER_TIMER                 
     00000000  l__HEAP                         
     00000000  l__HRAM                         
     00000000  l__LIT                          
     00000000  s__CABS                         
     00000000  s__CRASH_HEADER                 
     00000000  s__CRASH_HEADER0                
     00000000  s__CRASH_HEADER1                
     00000000  s__CRASH_SCRATCH                
     00000000  s__CRASH_SCRATCH2               
     00000000  s__DABS                         
     00000000  s__EHL_TRAMPOLINE               
     00000000  s__EHL_TRAMPOLINE0              
     00000000  s__HEADER                       
     00000000  s__HEADER0                      
     00000000  s__HEADER1                      
     00000000  s__HEADER10                     
     00000000  s__HEADER11                     
     00000000  s__HEADER2                      
     00000000  s__HEADER3                      
     00000000  s__HEADER4                      
     00000000  s__HEADER5                      
     00000000  s__HEADER6                      
     00000000  s__HEADER7                      
     00000000  s__HEADER8                      
     00000000  s__HEADER9                      
     00000000  s__HEADER_LCD                   
     00000000  s__HEADER_LCD0                  
     00000000  s__HEADER_SIO                   
     00000000  s__HEADER_SIO0                  
     00000000  s__HEADER_TIMER                 
     00000000  s__HEADER_TIMER0                
     00000000  s__HEADERa                      
     00000000  s__HEADERb                      
     00000000  s__HEADERc                      
     00000000  s__HEADERd                      
     00000000  s__HEADERe                      
ASxxxx Linker V03.00 + NoICE + sdld,  page 2.
Hexadecimal  [32-Bits]

Area                                    Addr        Size        Decimal Bytes (Attributes)
--------------------------------        ----        ----        ------- ----- ------------
.  .ABS.                            00000000    00000000 =           0. bytes (ABS,CON)

      Value  Global                              Global Defined In Module
      -----  --------------------------------   ------------------------
     00000000  s__HEADERf                      
     00000000  s__HRAM                         
     00000000  s__HRAM12                       
     00000001  ___bank_ACTOR                      actor
     00000001  ___bank_VM_ACTOR                   vm_actor
     00000001  ___bank_VM_SGB                     vm_sgb
     00000001  ___bank_bg_room_tileset            bg_room_tileset
     00000001  b_activate_actor                   actor
     00000001  b_activate_actors_in_col           actor
     00000001  b_activate_actors_in_row           actor
     00000001  b_actor_at_tile                    actor
     00000001  b_actor_get_frame_offset           actor
     00000001  b_actor_in_front_of_player         actor
     00000001  b_actor_overlapping_bb             actor
     00000001  b_actor_overlapping_player         actor
     00000001  b_actor_set_anim_idle              actor
     00000001  b_actor_set_anim_moving            actor
     00000001  b_actor_set_dir                    actor
     00000001  b_actor_set_frame_offset           actor
     00000001  b_actor_set_frames                 actor
     00000001  b_actors_handle_player_collision   actor
     00000001  b_actors_init                      actor
     00000001  b_check_collision_in_direction     actor
     00000001  b_deactivate_actor                 actor
     00000001  b_player_init                      actor
     00000001  b_ui_draw_frame                    ui
     00000001  b_ui_draw_text_buffer_char         ui
     00000001  b_ui_init                          ui
     00000001  b_ui_load_tiles                    ui
     00000001  b_ui_run_menu                      ui
     00000001  b_ui_run_modal                     ui
     00000001  b_ui_set_start_tile                ui
     00000001  b_vm_actor_activate                vm_actor
     00000001  b_vm_actor_deactivate              vm_actor
     00000001  b_vm_actor_emote                   vm_actor
     00000001  b_vm_actor_get_angle               vm_actor
     00000001  b_vm_actor_get_anim_frame          vm_actor
     00000001  b_vm_actor_get_dir                 vm_actor
     00000001  b_vm_actor_get_pos                 vm_actor
     00000001  b_vm_actor_move_cancel             vm_actor
     00000001  b_vm_actor_move_to                 vm_actor
     00000001  b_vm_actor_replace_tile            vm_actor
     00000001  b_vm_actor_set_anim                vm_actor
     00000001  b_vm_actor_set_anim_frame          vm_actor
     00000001  b_vm_actor_set_anim_set            vm_actor
     00000001  b_vm_actor_set_anim_tick           vm_actor
     00000001  b_vm_actor_set_bounds              vm_actor
     00000001  b_vm_actor_set_dir                 vm_actor
     00000001  b_vm_actor_set_flags               vm_actor
     00000001  b_vm_actor_set_move_speed          vm_actor
     00000001  b_vm_actor_set_pos                 vm_actor
ASxxxx Linker V03.00 + NoICE + sdld,  page 3.
Hexadecimal  [32-Bits]

Area                                    Addr        Size        Decimal Bytes (Attributes)
--------------------------------        ----        ----        ------- ----- ------------
.  .ABS.                            00000000    00000000 =           0. bytes (ABS,CON)

      Value  Global                              Global Defined In Module
      -----  --------------------------------   ------------------------
     00000001  b_vm_actor_set_spritesheet         vm_actor
     00000001  b_vm_actor_set_spritesheet_by_re   vm_actor
     00000001  b_vm_actor_terminate_update        vm_actor
     00000001  l__GSFINAL                      
     00000001  l__HEADER0                      
     00000001  l__HEADER11                     
     00000001  l__HEADER9                      
     00000001  l__HEADERa                      
     00000001  l__HEADERb                      
     00000001  l__HEADERd                      
     00000001  l__HEADERe                      
     00000002  ___bank_bg_leaving_earth_tilemap   bg_leaving_earth_tilemap
     00000002  ___bank_bg_leaving_earth_tilemap   bg_leaving_earth_tilemap_att
     00000002  ___bank_scene_space_battle_colli   scene_space_battle_collision
     00000002  ___bank_song_rulz_gonaspace_0_Da   song_rulz_gonaspace_0_Data
     00000002  ___bank_trigger_12_interact        trigger_12_interact
     00000002  ___mute_mask_sound_gbstudio_sfx_   sound_gbstudio_sfx_sav
     00000002  ___mute_mask_sound_gbstudio_sfx_   sound_gbstudio_sfx_sav
     00000002  ___mute_mask_sound_gbstudio_sfx_   sound_gbstudio_sfx_sav
     00000002  ___mute_mask_sound_gbstudio_sfx_   sound_gbstudio_sfx_sav
     00000002  ___mute_mask_sound_gbstudio_sfx_   sound_gbstudio_sfx_sav
     00000002  ___mute_mask_sound_gbstudio_sfx_   sound_gbstudio_sfx_sav
     00000002  ___mute_mask_sound_gbstudio_sfx_   sound_gbstudio_sfx_sav
     00000002  l__HEADER5                      
     00000002  l__HEADERc                      
     00000002  l__HEADERf                      
     00000003  ___bank_VM_MAIN                    vm
     00000003  ___bank_bg_leaving_earth_tileset   bg_leaving_earth_tileset
     00000003  ___bank_font_gbs_variable_width    font_gbs_variable_width
     00000003  ___bank_scene_sample_town_sprite   scene_sample_town_sprites
     00000003  ___bank_song_rulz_lightmood_0_Da   song_rulz_lightmood_0_Data
     00000003  b_platform_init                    platform
     00000003  b_platform_update                  platform
     00000003  b_script_detach_hthread            vm
     00000003  b_script_execute                   vm
     00000003  b_script_runner_init               vm
     00000003  b_script_terminate                 vm
     00000003  b_vm_call                          vm
     00000003  b_vm_call_far                      vm
     00000003  b_vm_get_indirect                  vm
     00000003  b_vm_get_int16                     vm
     00000003  b_vm_get_int8                      vm
     00000003  b_vm_get_tlocal                    vm
     00000003  b_vm_get_uint8                     vm
     00000003  b_vm_idle                          vm
     00000003  b_vm_if                            vm
     00000003  b_vm_if_const                      vm
     00000003  b_vm_init_rng                      vm
     00000003  b_vm_invoke                        vm
     00000003  b_vm_join                          vm
     00000003  b_vm_jump                          vm
ASxxxx Linker V03.00 + NoICE + sdld,  page 4.
Hexadecimal  [32-Bits]

Area                                    Addr        Size        Decimal Bytes (Attributes)
--------------------------------        ----        ----        ------- ----- ------------
.  .ABS.                            00000000    00000000 =           0. bytes (ABS,CON)

      Value  Global                              Global Defined In Module
      -----  --------------------------------   ------------------------
     00000003  b_vm_lock                          vm
     00000003  b_vm_loop                          vm
     00000003  b_vm_memcpy                        vm
     00000003  b_vm_memset                        vm
     00000003  b_vm_poll_loaded                   vm
     00000003  b_vm_pop                           vm
     00000003  b_vm_push                          vm
     00000003  b_vm_push_reference                vm
     00000003  b_vm_push_value                    vm
     00000003  b_vm_push_value_ind                vm
     00000003  b_vm_raise                         vm
     00000003  b_vm_rand                          vm
     00000003  b_vm_reserve                       vm
     00000003  b_vm_ret                           vm
     00000003  b_vm_ret_far                       vm
     00000003  b_vm_set                           vm
     00000003  b_vm_set_const                     vm
     00000003  b_vm_set_const_int16               vm
     00000003  b_vm_set_const_int8                vm
     00000003  b_vm_set_indirect                  vm
     00000003  b_vm_set_int16                     vm
     00000003  b_vm_set_int8                      vm
     00000003  b_vm_set_uint8                     vm
     00000003  b_vm_terminate                     vm
     00000003  b_vm_test_terminate                vm
     00000003  b_vm_unlock                        vm
     00000003  b_wait_frames                      vm
     00000003  l__HEADER8                      
     00000003  l__HEADER_LCD0                  
     00000003  l__HRAM12                       
     00000004  ___bank_bg_sample_town_tilemap_a   bg_sample_town_tilemap_attr
     00000004  ___bank_bg_town_tilemap            bg_town_tilemap
     00000004  ___bank_bg_town_tilemap_attr       bg_town_tilemap_attr
     00000004  ___bank_scene_21_collisions        scene_21_collisions
     00000004  ___bank_scene_21_init              scene_21_init
     00000004  b_do_load_palette                  data_manager
     00000004  b_load_background                  data_manager
     00000004  b_load_bkg_tileset                 data_manager
     00000004  b_load_bounds                      data_manager
     00000004  b_load_emote                       data_manager
     00000004  b_load_init                        data_manager
     00000004  b_load_player                      data_manager
     00000004  b_load_scene                       data_manager
     00000004  b_load_sprite                      data_manager
     00000004  l__CRASH_HEADER1                
     00000004  l__HEADER_SIO0                  
     00000004  l__HEADER_TIMER0                
     00000005  ___bank_bg_parallax_tileset        bg_parallax_tileset
     00000005  ___bank_bg_police_station_tilese   bg_police_station_tileset
     00000005  ___bank_bg_sample_town_tilemap     bg_sample_town_tilemap
     00000005  ___bank_bg_town_tileset            bg_town_tileset
ASxxxx Linker V03.00 + NoICE + sdld,  page 5.
Hexadecimal  [32-Bits]

Area                                    Addr        Size        Decimal Bytes (Attributes)
--------------------------------        ----        ----        ------- ----- ------------
.  .ABS.                            00000000    00000000 =           0. bytes (ABS,CON)

      Value  Global                              Global Defined In Module
      -----  --------------------------------   ------------------------
     00000005  ___bank_scene_24_sprites           scene_24_sprites
     00000005  ___bank_scene_sample_town_collis   scene_sample_town_collisions
     00000005  ___bank_trigger_fight_interact     trigger_fight_interact
     00000005  l__CRASH_HEADER0                
     00000005  l__HEADER1                      
     00000006  ___bank_bg_highway_tileset         bg_highway_tileset
     00000006  ___bank_bg_hotelstreet_tileset     bg_hotelstreet_tileset
     00000006  ___bank_bg_platform_path_tilemap   bg_platform_path_tilemap
     00000006  ___bank_bg_platform_path_tilemap   bg_platform_path_tilemap_att
     00000006  ___bank_bg_titlescreen_tileset     bg_titlescreen_tileset
     00000006  ___bank_scene_battle_sprites       scene_battle_sprites
     00000006  ___bank_sprite_inside_seven_elev   sprite_inside_seven_eleven_t
     00000006  l__HEADER7                      
     00000007  ___bank_VM_MATH                    vm_math
     00000007  ___bank_bg_city_hall_proto_tiles   bg_city_hall_proto_tileset
     00000007  ___bank_scene_battle_init          scene_battle_init
     00000007  ___bank_scene_path_to_sample_tow   scene_path_to_sample_town_co
     00000007  ___bank_script_17                  script_17
     00000007  ___bank_song_rulz_battletheme_0_   song_rulz_battletheme_0_Data
     00000007  ___bank_song_rulz_fastpacespeedr   song_rulz_fastpacespeedrace_
     00000007  b_vm_cos_scale                     vm_math
     00000007  b_vm_sin_scale                     vm_math
     00000007  l__HEADER2                      
     00000008  ___bank_VM_UI                      vm_ui
     00000008  ___bank_actor_47_interact          actor_47_interact
     00000008  ___bank_bg_insidestation2_tilese   bg_insidestation2_tileset
     00000008  ___bank_bg_menu_page1_tileset      bg_menu_page1_tileset
     00000008  ___bank_bg_overworld_pixelnook_i   bg_overworld_pixelnook_indu_
     00000008  ___bank_bg_overworld_playground_   bg_overworld_playground_pix_
     00000008  ___bank_bg_restr_tileset           bg_restr_tileset
     00000008  ___bank_scene_26_triggers          scene_26_triggers
     00000008  ___bank_song_rulz_pause_undergro   song_rulz_pause_underground_
     00000008  ___mute_mask_sound_gbstudio_sfx_   sound_gbstudio_sfx_sav
     00000008  ___mute_mask_sound_gbstudio_sfx_   sound_gbstudio_sfx_sav
     00000008  ___mute_mask_sound_legacy_0        sound_legacy_0
     00000008  b_adventure_init                   adventure
     00000008  b_adventure_update                 adventure
     00000008  b_vm_choice                        vm_ui
     00000008  b_vm_display_text                  vm_ui
     00000008  b_vm_overlay_clear                 vm_ui
     00000008  b_vm_overlay_move_to               vm_ui
     00000008  b_vm_overlay_scroll                vm_ui
     00000008  b_vm_overlay_set_map               vm_ui
     00000008  b_vm_overlay_set_scroll            vm_ui
     00000008  b_vm_overlay_set_submap            vm_ui
     00000008  b_vm_overlay_set_submap_ex         vm_ui
     00000008  b_vm_overlay_setpos                vm_ui
     00000008  b_vm_overlay_show                  vm_ui
     00000008  b_vm_overlay_wait                  vm_ui
     00000008  b_vm_set_font                      vm_ui
     00000008  b_vm_set_text_sound                vm_ui
ASxxxx Linker V03.00 + NoICE + sdld,  page 6.
Hexadecimal  [32-Bits]

Area                                    Addr        Size        Decimal Bytes (Attributes)
--------------------------------        ----        ----        ------- ----- ------------
.  .ABS.                            00000000    00000000 =           0. bytes (ABS,CON)

      Value  Global                              Global Defined In Module
      -----  --------------------------------   ------------------------
     00000008  b_vm_switch_text_layer             vm_ui
     00000008  l__HEADER3                      
     00000009  ___bank_VM_GAMEBOY                 vm_gameboy
     00000009  ___bank_bg_highway_tilemap         bg_highway_tilemap
     00000009  ___bank_bg_hotelstreet_tilemap_a   bg_hotelstreet_tilemap_attr
     00000009  ___bank_bg_logo_tileset            bg_logo_tileset
     00000009  ___bank_bg_placeholder1_tileset    bg_placeholder1_tileset
     00000009  ___bank_song_rulz_undergroundcav   song_rulz_undergroundcave_0_
     00000009  b_gbprinter_detect                 gbprinter
     00000009  b_gbprinter_print_overlay          gbprinter
     00000009  b_logo_init                        logo
     00000009  b_logo_update                      logo
     00000009  b_scroll_init                      scroll
     00000009  b_scroll_repaint                   scroll
     00000009  b_scroll_reset                     scroll
     00000009  b_scroll_update                    scroll
     00000009  b_shmup_init                       shmup
     00000009  b_shmup_update                     shmup
     00000009  b_topdown_init                     topdown
     00000009  b_topdown_update                   topdown
     00000009  b_vm_context_prepare               vm_gameboy
     00000009  b_vm_fade                          vm_gameboy
     00000009  b_vm_get_tile_xy                   vm_gameboy
     00000009  b_vm_input_attach                  vm_gameboy
     00000009  b_vm_input_detach                  vm_gameboy
     00000009  b_vm_input_get                     vm_gameboy
     00000009  b_vm_input_wait                    vm_gameboy
     00000009  b_vm_load_tiles                    vm_gameboy
     00000009  b_vm_load_tileset                  vm_gameboy
     00000009  b_vm_poll                          vm_gameboy
     00000009  b_vm_replace_tile                  vm_gameboy
     00000009  b_vm_replace_tile_xy               vm_gameboy
     00000009  b_vm_rumble                        vm_gameboy
     00000009  b_vm_set_sprite_mode               vm_gameboy
     00000009  b_vm_set_sprites_visible           vm_gameboy
     00000009  b_vm_timer_prepare                 vm_gameboy
     00000009  b_vm_timer_reset                   vm_gameboy
     00000009  b_vm_timer_set                     vm_gameboy
     00000009  b_vm_timer_stop                    vm_gameboy
     0000000A  ___bank_bg_hotelstreet_tilemap     bg_hotelstreet_tilemap
     0000000A  ___bank_bg_overworld_pixelnook_i   bg_overworld_pixelnook_indu_
     0000000A  ___bank_bg_overworld_pixelnook_i   bg_overworld_pixelnook_indu_
     0000000A  ___bank_bg_overworld_playground_   bg_overworld_playground_pix_
     0000000A  ___bank_bg_overworld_playground_   bg_overworld_playground_pix_
     0000000A  ___bank_bg_restr_tilemap           bg_restr_tilemap
     0000000A  ___bank_bg_restr_tilemap_attr      bg_restr_tilemap_attr
     0000000A  ___bank_scene_25_collisions        scene_25_collisions
     0000000A  ___bank_scene_26_collisions        scene_26_collisions
     0000000A  ___bank_scene_28_collisions        scene_28_collisions
     0000000A  ___bank_trigger_38_interact        trigger_38_interact
     0000000A  ___mute_mask_sound_gbstudio_sfx_   sound_gbstudio_sfx_sav
ASxxxx Linker V03.00 + NoICE + sdld,  page 7.
Hexadecimal  [32-Bits]

Area                                    Addr        Size        Decimal Bytes (Attributes)
--------------------------------        ----        ----        ------- ----- ------------
.  .ABS.                            00000000    00000000 =           0. bytes (ABS,CON)

      Value  Global                              Global Defined In Module
      -----  --------------------------------   ------------------------
     0000000B  ___bank_actor_74_interact          actor_74_interact
     0000000B  ___bank_bg_cave_tileset            bg_cave_tileset
     0000000B  ___bank_bg_house2_tileset          bg_house2_tileset
     0000000B  ___bank_bg_launch_site_tileset     bg_launch_site_tileset
     0000000B  ___bank_bg_parallax_tilemap        bg_parallax_tilemap
     0000000B  ___bank_bg_parallax_tilemap_attr   bg_parallax_tilemap_attr
     0000000B  ___bank_scene_29_collisions        scene_29_collisions
     0000000B  ___bank_scene_30_collisions        scene_30_collisions
     0000000B  ___bank_scene_menu_page_1_sprite   scene_menu_page_1_sprites
     0000000B  ___bank_scene_parallax_example_c   scene_parallax_example_colli
     0000000B  ___bank_song_drum_example_Data     song_drum_example_Data
     0000000B  ___bank_song_echo_example_Data     song_echo_example_Data
     0000000B  ___bank_song_rulz_intro_0_Data     song_rulz_intro_0_Data
     0000000C  ___bank_bg_city_hall_proto_tilem   bg_city_hall_proto_tilemap
     0000000C  ___bank_bg_city_hall_proto_tilem   bg_city_hall_proto_tilemap_a
     0000000C  ___bank_bg_outside_tilemap         bg_outside_tilemap
     0000000C  ___bank_bg_outside_tilemap_attr    bg_outside_tilemap_attr
     0000000C  ___bank_bg_police_station_tilema   bg_police_station_tilemap
     0000000C  ___bank_bg_police_station_tilema   bg_police_station_tilemap_at
     0000000C  ___bank_bg_sample_town_tileset     bg_sample_town_tileset
     0000000C  ___bank_bg_stars_tilemap           bg_stars_tilemap
     0000000C  ___bank_bg_underground_tilemap     bg_underground_tilemap
     0000000C  ___bank_bg_underground_tilemap_a   bg_underground_tilemap_attr
     0000000C  ___bank_scene_menu_3_init          scene_menu_3_init
     0000000C  ___bank_song_rulz_outside_0_Data   song_rulz_outside_0_Data
     0000000C  ___bank_song_rulz_spaceemergency   song_rulz_spaceemergency_0_D
     0000000C  ___bank_trigger_28_interact        trigger_28_interact
     0000000C  ___bank_trigger_switchy_interact   trigger_switchy_interact
     0000000C  b_projectile_launch                projectiles
     0000000C  b_projectiles_init                 projectiles
     0000000D  ___bank_VM_SIO                     vm_sio
     0000000D  ___bank_actor_angry_guy_interact   actor_angry_guy_interact
     0000000D  ___bank_bg_outside_tileset         bg_outside_tileset
     0000000D  ___bank_bg_platform_path_tileset   bg_platform_path_tileset
     0000000D  ___bank_scene_17_init              scene_17_init
     0000000D  ___bank_scene_20_collisions        scene_20_collisions
     0000000D  ___bank_scene_21_actors            scene_21_actors
     0000000D  ___bank_scene_22_collisions        scene_22_collisions
     0000000D  ___bank_scene_27_collisions        scene_27_collisions
     0000000D  ___bank_scene_deep_space_collisi   scene_deep_space_collisions
     0000000D  ___bank_scene_space_battle_actor   scene_space_battle_actors
     0000000D  ___bank_scene_underground_collis   scene_underground_collisions
     0000000D  ___bank_sound_gbstudio_sfx_sav_0   sound_gbstudio_sfx_sav
     0000000D  ___bank_sound_gbstudio_sfx_sav_0   sound_gbstudio_sfx_sav
     0000000D  ___bank_sound_gbstudio_sfx_sav_0   sound_gbstudio_sfx_sav
     0000000D  ___bank_sound_gbstudio_sfx_sav_0   sound_gbstudio_sfx_sav
     0000000D  ___bank_sound_gbstudio_sfx_sav_0   sound_gbstudio_sfx_sav
     0000000D  ___bank_sound_gbstudio_sfx_sav_0   sound_gbstudio_sfx_sav
     0000000D  ___bank_sound_gbstudio_sfx_sav_0   sound_gbstudio_sfx_sav
     0000000D  ___bank_sound_gbstudio_sfx_sav_0   sound_gbstudio_sfx_sav
     0000000D  ___bank_sound_gbstudio_sfx_sav_0   sound_gbstudio_sfx_sav
ASxxxx Linker V03.00 + NoICE + sdld,  page 8.
Hexadecimal  [32-Bits]

Area                                    Addr        Size        Decimal Bytes (Attributes)
--------------------------------        ----        ----        ------- ----- ------------
.  .ABS.                            00000000    00000000 =           0. bytes (ABS,CON)

      Value  Global                              Global Defined In Module
      -----  --------------------------------   ------------------------
     0000000D  ___bank_sound_gbstudio_sfx_sav_0   sound_gbstudio_sfx_sav
     0000000D  ___bank_sprite_elephant_tileset    sprite_elephant_tileset
     0000000D  b___HandleCrash_banked             
     0000000D  b_core_reset                       core
     0000000D  b_core_run                         core
     0000000D  b_data_clear                       load_save
     0000000D  b_data_init                        load_save
     0000000D  b_data_load                        load_save
     0000000D  b_data_peek                        load_save
     0000000D  b_data_save                        load_save
     0000000D  b_pointnclick_init                 pointnclick
     0000000D  b_pointnclick_update               pointnclick
     0000000D  b_trigger_activate_at              trigger
     0000000D  b_trigger_activate_at_intersecti   trigger
     0000000D  b_trigger_at_intersection          trigger
     0000000D  b_trigger_at_tile                  trigger
     0000000D  b_trigger_interact                 trigger
     0000000D  b_trigger_reset                    trigger
     0000000D  b_vm_sio_exchange                  vm_sio
     0000000D  b_vm_sio_set_mode                  vm_sio
     0000000E  ___bank_VM_CAMERA                  vm_camera
     0000000E  ___bank_VM_PALETTE                 vm_palette
     0000000E  ___bank_actor_31_update            actor_31_update
     0000000E  ___bank_actor_50_interact          actor_50_interact
     0000000E  ___bank_actor_57_update            actor_57_update
     0000000E  ___bank_actor_64_update            actor_64_update
     0000000E  ___bank_actor_76_update            actor_76_update
     0000000E  ___bank_actor_gardener_interact    actor_gardener_interact
     0000000E  ___bank_actor_space_dog_interact   actor_space_dog_interact
     0000000E  ___bank_bg_hidden_cave_tilemap     bg_hidden_cave_tilemap
     0000000E  ___bank_bg_hidden_cave_tilemap_a   bg_hidden_cave_tilemap_attr
     0000000E  ___bank_bg_menu_page2_tileset      bg_menu_page2_tileset
     0000000E  ___bank_bg_underground_tileset     bg_underground_tileset
     0000000E  ___bank_scene_17_actors            scene_17_actors
     0000000E  ___bank_scene_24_collisions        scene_24_collisions
     0000000E  ___bank_scene_28_actors            scene_28_actors
     0000000E  ___bank_scene_deeper_underground   scene_deeper_underground_col
     0000000E  ___bank_scene_menu_3_actors        scene_menu_3_actors
     0000000E  ___bank_scene_sample_town_actors   scene_sample_town_actors
     0000000E  ___bank_script_15                  script_15
     0000000E  ___bank_sprite_blackplayer_tiles   sprite_blackplayer_tileset
     0000000E  ___bank_sprite_elephant            sprite_elephant
     0000000E  ___bank_sprite_guybymonkeyimage_   sprite_guybymonkeyimage_tile
     0000000E  ___bank_sprite_inside_seven_elev   sprite_inside_seven_eleven_t
     0000000E  ___bank_sprite_inside_seven_elev   sprite_inside_seven_eleven_t
     0000000E  ___bank_sprite_knight_animated_t   sprite_knight_animated_tiles
     0000000E  ___bank_sprite_npc003_tileset      sprite_npc003_tileset
     0000000E  ___bank_sprite_player_platform     sprite_player_platform
     0000000E  ___bank_sprite_player_platform_t   sprite_player_platform_tiles
     0000000E  ___bank_sprite_woman_platform_ti   sprite_woman_platform_tilese
     0000000E  ___bank_trigger_69_interact        trigger_69_interact
ASxxxx Linker V03.00 + NoICE + sdld,  page 9.
Hexadecimal  [32-Bits]

Area                                    Addr        Size        Decimal Bytes (Attributes)
--------------------------------        ----        ----        ------- ----- ------------
.  .ABS.                            00000000    00000000 =           0. bytes (ABS,CON)

      Value  Global                              Global Defined In Module
      -----  --------------------------------   ------------------------
     0000000E  b_camera_shake_frames              vm_camera
     0000000E  b_fade_applypalettechange          fade_manager
     0000000E  b_fade_in                          fade_manager
     0000000E  b_fade_in_modal                    fade_manager
     0000000E  b_fade_init                        fade_manager
     0000000E  b_fade_out                         fade_manager
     0000000E  b_fade_out_modal                   fade_manager
     0000000E  b_fade_setspeed                    fade_manager
     0000000E  b_fade_update                      fade_manager
     0000000E  b_set_sgb_border                   sgb_border
     0000000E  b_vm_camera_move_to                vm_camera
     0000000E  b_vm_camera_set_pos                vm_camera
     0000000E  b_vm_load_palette                  vm_palette
     0000000F  ___bank_VM_MUSIC                   vm_music
     0000000F  ___bank_actor_56_interact          actor_56_interact
     0000000F  ___bank_bg_black_tilemap           bg_black_tilemap
     0000000F  ___bank_bg_cave_tilemap            bg_cave_tilemap
     0000000F  ___bank_bg_cave_tilemap_attr       bg_cave_tilemap_attr
     0000000F  ___bank_bg_hidden_cave_tileset     bg_hidden_cave_tileset
     0000000F  ___bank_bg_house2_tilemap          bg_house2_tilemap
     0000000F  ___bank_bg_house_tilemap           bg_house_tilemap
     0000000F  ___bank_bg_house_tilemap_attr      bg_house_tilemap_attr
     0000000F  ___bank_bg_insidestation2_tilema   bg_insidestation2_tilemap
     0000000F  ___bank_bg_insidestation2_tilema   bg_insidestation2_tilemap_at
     0000000F  ___bank_bg_launch_site_tilemap     bg_launch_site_tilemap
     0000000F  ___bank_bg_launch_site_tilemap_a   bg_launch_site_tilemap_attr
     0000000F  ___bank_bg_logo_tilemap            bg_logo_tilemap
     0000000F  ___bank_bg_menu_page1_tilemap      bg_menu_page1_tilemap
     0000000F  ___bank_bg_menu_page2_tilemap      bg_menu_page2_tilemap
     0000000F  ___bank_bg_menu_tilemap            bg_menu_tilemap
     0000000F  ___bank_bg_placeholder1_tilemap    bg_placeholder1_tilemap
     0000000F  ___bank_bg_placeholder1_tilemap_   bg_placeholder1_tilemap_attr
     0000000F  ___bank_bg_room_tilemap            bg_room_tilemap
     0000000F  ___bank_bg_room_tilemap_attr       bg_room_tilemap_attr
     0000000F  ___bank_bg_stars_tileset           bg_stars_tileset
     0000000F  ___bank_bg_titlescreen_tilemap     bg_titlescreen_tilemap
     0000000F  ___bank_bg_titlescreen_tilemap_a   bg_titlescreen_tilemap_attr
     0000000F  ___bank_scene_17_collisions        scene_17_collisions
     0000000F  ___bank_scene_23_collisions        scene_23_collisions
     0000000F  ___bank_scene_battle_collisions    scene_battle_collisions
     0000000F  ___bank_scene_cave_actors          scene_cave_actors
     0000000F  ___bank_scene_cave_collisions      scene_cave_collisions
     0000000F  ___bank_scene_dream_collisions     scene_dream_collisions
     0000000F  ___bank_scene_launch_site_collis   scene_launch_site_collisions
     0000000F  ___bank_scene_logo_collisions      scene_logo_collisions
     0000000F  ___bank_scene_menu_3_collisions    scene_menu_3_collisions
     0000000F  ___bank_scene_menu_page_1_actors   scene_menu_page_1_actors
     0000000F  ___bank_scene_menu_page_1_collis   scene_menu_page_1_collisions
     0000000F  ___bank_scene_menu_page_2_collis   scene_menu_page_2_collisions
     0000000F  ___bank_scene_player_s_house_col   scene_player_s_house_collisi
     0000000F  ___bank_scene_title_screen_colli   scene_title_screen_collision
ASxxxx Linker V03.00 + NoICE + sdld,  page 10.
Hexadecimal  [32-Bits]

Area                                    Addr        Size        Decimal Bytes (Attributes)
--------------------------------        ----        ----        ------- ----- ------------
.  .ABS.                            00000000    00000000 =           0. bytes (ABS,CON)

      Value  Global                              Global Defined In Module
      -----  --------------------------------   ------------------------
     0000000F  ___bank_scene_top_house_collisio   scene_top_house_collisions
     0000000F  ___bank_sprite_enemy_ship_tilese   sprite_enemy_ship_tileset
     0000000F  ___bank_sprite_npc004_tileset      sprite_npc004_tileset
     0000000F  ___bank_sprite_npc005_tileset      sprite_npc005_tileset
     0000000F  ___bank_sprite_npc006_tileset      sprite_npc006_tileset
     0000000F  ___bank_sprite_player_tileset      sprite_player_tileset
     0000000F  ___bank_sprite_robot_tileset       sprite_robot_tileset
     0000000F  ___bank_sprite_space_mine_tilese   sprite_space_mine_tileset
     0000000F  b_vm_music_mute                    vm_music
     0000000F  b_vm_music_play                    vm_music
     0000000F  b_vm_music_routine                 vm_music
     0000000F  b_vm_music_setpos                  vm_music
     0000000F  b_vm_music_stop                    vm_music
     0000000F  b_vm_sfx_play                      vm_music
     0000000F  b_vm_sound_mastervol               vm_music
     00000010  ___bank_VM_GBPRINTER               vm_gbprinter
     00000010  ___bank_VM_PROJECTILE              vm_projectiles
     00000010  ___bank_VM_RTC                     vm_rtc
     00000010  ___bank_VM_SCENE                   vm_scene
     00000010  ___bank_actor_20_interact          actor_20_interact
     00000010  ___bank_actor_33_interact          actor_33_interact
     00000010  ___bank_actor_39_update            actor_39_update
     00000010  ___bank_actor_41_interact          actor_41_interact
     00000010  ___bank_actor_46_interact          actor_46_interact
     00000010  ___bank_actor_53_update            actor_53_update
     00000010  ___bank_actor_54_update            actor_54_update
     00000010  ___bank_actor_58_interact          actor_58_interact
     00000010  ___bank_actor_59_interact          actor_59_interact
     00000010  ___bank_actor_72_interact          actor_72_interact
     00000010  ___bank_actor_73_interact          actor_73_interact
     00000010  ___bank_actor_81_interact          actor_81_interact
     00000010  ___bank_actor_82_update            actor_82_update
     00000010  ___bank_actor_83_update            actor_83_update
     00000010  ___bank_actor_hider_interact       actor_hider_interact
     00000010  ___bank_actor_ice_block_interact   actor_ice_block_interact
     00000010  ___bank_actor_pet_owner_update     actor_pet_owner_update
     00000010  ___bank_actor_radio_guy_interact   actor_radio_guy_interact
     00000010  ___bank_actor_sage_interact        actor_sage_interact
     00000010  ___bank_actor_save_point_0_inter   actor_save_point_0_interact
     00000010  ___bank_actor_save_point_1_inter   actor_save_point_1_interact
     00000010  ___bank_actor_save_point_interac   actor_save_point_interact
     00000010  ___bank_actor_sign_post_2_intera   actor_sign_post_2_interact
     00000010  ___bank_bg_house_tileset           bg_house_tileset
     00000010  ___bank_scene_22_actors            scene_22_actors
     00000010  ___bank_scene_23_init              scene_23_init
     00000010  ___bank_scene_26_actors            scene_26_actors
     00000010  ___bank_scene_28_init              scene_28_init
     00000010  ___bank_scene_30_actors            scene_30_actors
     00000010  ___bank_scene_battle_actors        scene_battle_actors
     00000010  ___bank_scene_launch_site_actors   scene_launch_site_actors
     00000010  ___bank_scene_menu_page_1_init     scene_menu_page_1_init
ASxxxx Linker V03.00 + NoICE + sdld,  page 11.
Hexadecimal  [32-Bits]

Area                                    Addr        Size        Decimal Bytes (Attributes)
--------------------------------        ----        ----        ------- ----- ------------
.  .ABS.                            00000000    00000000 =           0. bytes (ABS,CON)

      Value  Global                              Global Defined In Module
      -----  --------------------------------   ------------------------
     00000010  ___bank_scene_menu_page_2_actors   scene_menu_page_2_actors
     00000010  ___bank_scene_path_to_sample_tow   scene_path_to_sample_town_ac
     00000010  ___bank_scene_path_to_sample_tow   scene_path_to_sample_town_in
     00000010  ___bank_scene_title_screen_init    scene_title_screen_init
     00000010  ___bank_scene_underground_actors   scene_underground_actors
     00000010  ___bank_script_16                  script_16
     00000010  ___bank_script_enemy_ship_moveme   script_enemy_ship_movement_
     00000010  ___bank_script_enemy_ship_moveme   script_enemy_ship_movement__
     00000010  ___bank_script_enemy_ship_moveme   script_enemy_ship_movement__
     00000010  ___bank_script_enemy_ship_moveme   script_enemy_ship_movement__
     00000010  ___bank_script_turnip_collisions   script_turnip_collisions
     00000010  ___bank_sprite_baldguybymonkeyim   sprite_baldguybymonkeyimage_
     00000010  ___bank_sprite_blackplayer         sprite_blackplayer
     00000010  ___bank_sprite_chest               sprite_chest
     00000010  ___bank_sprite_fire_tileset        sprite_fire_tileset
     00000010  ___bank_sprite_guybymonkeyimage    sprite_guybymonkeyimage
     00000010  ___bank_sprite_knight_animated     sprite_knight_animated
     00000010  ___bank_sprite_npc001_tileset      sprite_npc001_tileset
     00000010  ___bank_sprite_npc002_tileset      sprite_npc002_tileset
     00000010  ___bank_sprite_npc007_tileset      sprite_npc007_tileset
     00000010  ___bank_sprite_npc008_tileset      sprite_npc008_tileset
     00000010  ___bank_sprite_pc_car_tileset      sprite_pc_car_tileset
     00000010  ___bank_sprite_player_ship_tiles   sprite_player_ship_tileset
     00000010  ___bank_sprite_portal_tileset      sprite_portal_tileset
     00000010  ___bank_sprite_turnip_tileset      sprite_turnip_tileset
     00000010  ___bank_sprite_type7_tileset       sprite_type7_tileset
     00000010  ___bank_sprite_ungulate_tileset    sprite_ungulate_tileset
     00000010  ___bank_sprite_williemouse_tiles   sprite_williemouse_tileset
     00000010  ___bank_sprite_woman_platform      sprite_woman_platform
     00000010  ___bank_trigger_13_interact        trigger_13_interact
     00000010  ___bank_trigger_46_interact        trigger_46_interact
     00000010  b_erase_flash                      
     00000010  b_itoa_fmt                         vm_ui_a
     00000010  b_music_events_poll                music_manager
     00000010  b_music_init_driver                music_manager
     00000010  b_music_init_events                music_manager
     00000010  b_save_sram_banks                  
     00000010  b_vm_print_detect                  vm_gbprinter
     00000010  b_vm_print_overlay                 vm_gbprinter
     00000010  b_vm_projectile_launch             vm_projectiles
     00000010  b_vm_projectile_load_type          vm_projectiles
     00000010  b_vm_rtc_get                       vm_rtc
     00000010  b_vm_rtc_latch                     vm_rtc
     00000010  b_vm_rtc_set                       vm_rtc
     00000010  b_vm_rtc_start                     vm_rtc
     00000010  b_vm_scene_pop                     vm_scene
     00000010  b_vm_scene_pop_all                 vm_scene
     00000010  b_vm_scene_push                    vm_scene
     00000010  b_vm_scene_stack_reset             vm_scene
     00000011  ___bank_VM_LOAD_SAVE               vm_load_save
     00000011  ___bank_actor_25_interact          actor_25_interact
ASxxxx Linker V03.00 + NoICE + sdld,  page 12.
Hexadecimal  [32-Bits]

Area                                    Addr        Size        Decimal Bytes (Attributes)
--------------------------------        ----        ----        ------- ----- ------------
.  .ABS.                            00000000    00000000 =           0. bytes (ABS,CON)

      Value  Global                              Global Defined In Module
      -----  --------------------------------   ------------------------
     00000011  ___bank_actor_26_interact          actor_26_interact
     00000011  ___bank_actor_37_interact          actor_37_interact
     00000011  ___bank_actor_40_interact          actor_40_interact
     00000011  ___bank_actor_42_interact          actor_42_interact
     00000011  ___bank_actor_43_interact          actor_43_interact
     00000011  ___bank_actor_44_interact          actor_44_interact
     00000011  ___bank_actor_45_interact          actor_45_interact
     00000011  ___bank_actor_51_interact          actor_51_interact
     00000011  ___bank_actor_55_interact          actor_55_interact
     00000011  ___bank_actor_57_interact          actor_57_interact
     00000011  ___bank_actor_60_interact          actor_60_interact
     00000011  ___bank_actor_61_update            actor_61_update
     00000011  ___bank_actor_62_interact          actor_62_interact
     00000011  ___bank_actor_63_interact          actor_63_interact
     00000011  ___bank_actor_65_interact          actor_65_interact
     00000011  ___bank_actor_68_interact          actor_68_interact
     00000011  ___bank_actor_69_interact          actor_69_interact
     00000011  ___bank_actor_70_interact          actor_70_interact
     00000011  ___bank_actor_71_interact          actor_71_interact
     00000011  ___bank_actor_72_update            actor_72_update
     00000011  ___bank_actor_73_update            actor_73_update
     00000011  ___bank_actor_76_interact          actor_76_interact
     00000011  ___bank_actor_77_interact          actor_77_interact
     00000011  ___bank_actor_78_interact          actor_78_interact
     00000011  ___bank_actor_79_interact          actor_79_interact
     00000011  ___bank_actor_82_interact          actor_82_interact
     00000011  ___bank_actor_86_interact          actor_86_interact
     00000011  ___bank_actor_91_interact          actor_91_interact
     00000011  ___bank_actor_93_interact          actor_93_interact
     00000011  ___bank_actor_cat_interact         actor_cat_interact
     00000011  ___bank_actor_chest_interact       actor_chest_interact
     00000011  ___bank_actor_elephant_interact    actor_elephant_interact
     00000011  ___bank_actor_oblivious_guy_inte   actor_oblivious_guy_interact
     00000011  ___bank_actor_pet_owner_interact   actor_pet_owner_interact
     00000011  ___bank_actor_rock_1_interact      actor_rock_1_interact
     00000011  ___bank_actor_rock_2_interact      actor_rock_2_interact
     00000011  ___bank_actor_rock_3_interact      actor_rock_3_interact
     00000011  ___bank_actor_rock_interact        actor_rock_interact
     00000011  ___bank_actor_scientist_interact   actor_scientist_interact
     00000011  ___bank_actor_scientist_update     actor_scientist_update
     00000011  ___bank_actor_sign_post_0_intera   actor_sign_post_0_interact
     00000011  ___bank_avatar_font_0              avatar_font_0
     00000011  ___bank_bg_menu_tileset            bg_menu_tileset
     00000011  ___bank_frame_image                frame_image
     00000011  ___bank_scene_20_actors            scene_20_actors
     00000011  ___bank_scene_23_actors            scene_23_actors
     00000011  ___bank_scene_25_actors            scene_25_actors
     00000011  ___bank_scene_27_actors            scene_27_actors
     00000011  ___bank_scene_29_actors            scene_29_actors
     00000011  ___bank_scene_30_p_hit1            scene_30_p_hit1
     00000011  ___bank_scene_deep_space_actors    scene_deep_space_actors
ASxxxx Linker V03.00 + NoICE + sdld,  page 13.
Hexadecimal  [32-Bits]

Area                                    Addr        Size        Decimal Bytes (Attributes)
--------------------------------        ----        ----        ------- ----- ------------
.  .ABS.                            00000000    00000000 =           0. bytes (ABS,CON)

      Value  Global                              Global Defined In Module
      -----  --------------------------------   ------------------------
     00000011  ___bank_scene_deeper_underground   scene_deeper_underground_act
     00000011  ___bank_scene_dream_init           scene_dream_init
     00000011  ___bank_scene_logo_init            scene_logo_init
     00000011  ___bank_scene_menu_page_2_init     scene_menu_page_2_init
     00000011  ___bank_scene_menu_page_2_sprite   scene_menu_page_2_sprites
     00000011  ___bank_scene_parallax_example_a   scene_parallax_example_actor
     00000011  ___bank_scene_parallax_example_i   scene_parallax_example_init
     00000011  ___bank_scene_player_s_house_tri   scene_player_s_house_trigger
     00000011  ___bank_scene_sample_town_trigge   scene_sample_town_triggers
     00000011  ___bank_scene_space_battle_init    scene_space_battle_init
     00000011  ___bank_scene_space_battle_p_hit   scene_space_battle_p_hit1
     00000011  ___bank_scene_top_house_actors     scene_top_house_actors
     00000011  ___bank_scene_underground_init     scene_underground_init
     00000011  ___bank_script_turnip_movement     script_turnip_movement
     00000011  ___bank_sprite_ant_tileset         sprite_ant_tileset
     00000011  ___bank_sprite_baldguybymonkeyim   sprite_baldguybymonkeyimage
     00000011  ___bank_sprite_bullet_left_tiles   sprite_bullet_left_tileset
     00000011  ___bank_sprite_bullet_right_tile   sprite_bullet_right_tileset
     00000011  ___bank_sprite_cat_tileset         sprite_cat_tileset
     00000011  ___bank_sprite_chipmunk_tileset    sprite_chipmunk_tileset
     00000011  ___bank_sprite_cursor              sprite_cursor
     00000011  ___bank_sprite_cursor_tileset      sprite_cursor_tileset
     00000011  ___bank_sprite_drumkit_tileset     sprite_drumkit_tileset
     00000011  ___bank_sprite_duck_tileset        sprite_duck_tileset
     00000011  ___bank_sprite_enemy_ship          sprite_enemy_ship
     00000011  ___bank_sprite_ferret_tileset      sprite_ferret_tileset
     00000011  ___bank_sprite_fire                sprite_fire
     00000011  ___bank_sprite_frog_tileset        sprite_frog_tileset
     00000011  ___bank_sprite_gerbil_tileset      sprite_gerbil_tileset
     00000011  ___bank_sprite_hedgehog_tileset    sprite_hedgehog_tileset
     00000011  ___bank_sprite_keyboard_tileset    sprite_keyboard_tileset
     00000011  ___bank_sprite_machine_tileset     sprite_machine_tileset
     00000011  ___bank_sprite_mantis_tileset      sprite_mantis_tileset
     00000011  ___bank_sprite_mouse_tileset       sprite_mouse_tileset
     00000011  ___bank_sprite_npc001              sprite_npc001
     00000011  ___bank_sprite_npc002              sprite_npc002
     00000011  ___bank_sprite_npc003              sprite_npc003
     00000011  ___bank_sprite_npc004              sprite_npc004
     00000011  ___bank_sprite_npc005              sprite_npc005
     00000011  ___bank_sprite_npc006              sprite_npc006
     00000011  ___bank_sprite_npc007              sprite_npc007
     00000011  ___bank_sprite_npc008              sprite_npc008
     00000011  ___bank_sprite_npc_gardener        sprite_npc_gardener
     00000011  ___bank_sprite_npc_gardener_tile   sprite_npc_gardener_tileset
     00000011  ___bank_sprite_pc_car              sprite_pc_car
     00000011  ___bank_sprite_player              sprite_player
     00000011  ___bank_sprite_player_ship         sprite_player_ship
     00000011  ___bank_sprite_pod_door            sprite_pod_door
     00000011  ___bank_sprite_pod_door_tileset    sprite_pod_door_tileset
     00000011  ___bank_sprite_portal              sprite_portal
     00000011  ___bank_sprite_robot               sprite_robot
ASxxxx Linker V03.00 + NoICE + sdld,  page 14.
Hexadecimal  [32-Bits]

Area                                    Addr        Size        Decimal Bytes (Attributes)
--------------------------------        ----        ----        ------- ----- ------------
.  .ABS.                            00000000    00000000 =           0. bytes (ABS,CON)

      Value  Global                              Global Defined In Module
      -----  --------------------------------   ------------------------
     00000011  ___bank_sprite_space_mine          sprite_space_mine
     00000011  ___bank_sprite_squirrel_tileset    sprite_squirrel_tileset
     00000011  ___bank_sprite_turnip              sprite_turnip
     00000011  ___bank_sprite_type2               sprite_type2
     00000011  ___bank_sprite_type2_tileset       sprite_type2_tileset
     00000011  ___bank_sprite_type4               sprite_type4
     00000011  ___bank_sprite_type4_tileset       sprite_type4_tileset
     00000011  ___bank_sprite_type5               sprite_type5
     00000011  ___bank_sprite_type5_tileset       sprite_type5_tileset
     00000011  ___bank_sprite_type6               sprite_type6
     00000011  ___bank_sprite_type6_tileset       sprite_type6_tileset
     00000011  ___bank_sprite_types_tileset       sprite_types_tileset
     00000011  ___bank_sprite_typewater           sprite_typewater
     00000011  ___bank_sprite_typewater_tileset   sprite_typewater_tileset
     00000011  ___bank_sprite_typewood_tileset    sprite_typewood_tileset
     00000011  ___bank_sprite_ungulate            sprite_ungulate
     00000011  ___bank_sprite_williemouse         sprite_williemouse
     00000011  ___bank_trigger_10_interact        trigger_10_interact
     00000011  ___bank_trigger_11_interact        trigger_11_interact
     00000011  ___bank_trigger_20_interact        trigger_20_interact
     00000011  ___bank_trigger_21_interact        trigger_21_interact
     00000011  ___bank_trigger_22_interact        trigger_22_interact
     00000011  ___bank_trigger_31_interact        trigger_31_interact
     00000011  ___bank_trigger_34_interact        trigger_34_interact
     00000011  ___bank_trigger_40_interact        trigger_40_interact
     00000011  ___bank_trigger_7_interact         trigger_7_interact
     00000011  ___bank_trigger_9_interact         trigger_9_interact
     00000011  b_CGBZeroPalette                   palette
     00000011  b_events_init                      events
     00000011  b_palette_init                     palette
     00000011  b_restore_sram                     flasher
     00000011  b_restore_sram_bank                flasher
     00000011  b_save_sram                        flasher
     00000011  b_timers_init                      events
     00000011  b_vm_save_clear                    vm_load_save
     00000011  b_vm_save_peek                     vm_load_save
     00000011  l__EHL_TRAMPOLINE0              
     00000012  ___bank_actor_10_interact          actor_10_interact
     00000012  ___bank_actor_10_update            actor_10_update
     00000012  ___bank_actor_11_interact          actor_11_interact
     00000012  ___bank_actor_11_update            actor_11_update
     00000012  ___bank_actor_12_interact          actor_12_interact
     00000012  ___bank_actor_12_update            actor_12_update
     00000012  ___bank_actor_13_interact          actor_13_interact
     00000012  ___bank_actor_13_update            actor_13_update
     00000012  ___bank_actor_14_interact          actor_14_interact
     00000012  ___bank_actor_14_update            actor_14_update
     00000012  ___bank_actor_15_interact          actor_15_interact
     00000012  ___bank_actor_15_update            actor_15_update
     00000012  ___bank_actor_16_interact          actor_16_interact
     00000012  ___bank_actor_16_update            actor_16_update
ASxxxx Linker V03.00 + NoICE + sdld,  page 15.
Hexadecimal  [32-Bits]

Area                                    Addr        Size        Decimal Bytes (Attributes)
--------------------------------        ----        ----        ------- ----- ------------
.  .ABS.                            00000000    00000000 =           0. bytes (ABS,CON)

      Value  Global                              Global Defined In Module
      -----  --------------------------------   ------------------------
     00000012  ___bank_actor_17_interact          actor_17_interact
     00000012  ___bank_actor_17_update            actor_17_update
     00000012  ___bank_actor_18_interact          actor_18_interact
     00000012  ___bank_actor_19_interact          actor_19_interact
     00000012  ___bank_actor_20_update            actor_20_update
     00000012  ___bank_actor_21_interact          actor_21_interact
     00000012  ___bank_actor_22_interact          actor_22_interact
     00000012  ___bank_actor_23_interact          actor_23_interact
     00000012  ___bank_actor_24_interact          actor_24_interact
     00000012  ___bank_actor_38_interact          actor_38_interact
     00000012  ___bank_actor_39_interact          actor_39_interact
     00000012  ___bank_actor_3_interact           actor_3_interact
     00000012  ___bank_actor_3_update             actor_3_update
     00000012  ___bank_actor_48_interact          actor_48_interact
     00000012  ___bank_actor_48_update            actor_48_update
     00000012  ___bank_actor_49_interact          actor_49_interact
     00000012  ___bank_actor_49_update            actor_49_update
     00000012  ___bank_actor_4_interact           actor_4_interact
     00000012  ___bank_actor_4_update             actor_4_update
     00000012  ___bank_actor_52_interact          actor_52_interact
     00000012  ___bank_actor_53_interact          actor_53_interact
     00000012  ___bank_actor_54_interact          actor_54_interact
     00000012  ___bank_actor_5_interact           actor_5_interact
     00000012  ___bank_actor_5_update             actor_5_update
     00000012  ___bank_actor_64_interact          actor_64_interact
     00000012  ___bank_actor_66_interact          actor_66_interact
     00000012  ___bank_actor_67_interact          actor_67_interact
     00000012  ___bank_actor_6_interact           actor_6_interact
     00000012  ___bank_actor_6_update             actor_6_update
     00000012  ___bank_actor_77_update            actor_77_update
     00000012  ___bank_actor_7_interact           actor_7_interact
     00000012  ___bank_actor_7_update             actor_7_update
     00000012  ___bank_actor_80_interact          actor_80_interact
     00000012  ___bank_actor_83_interact          actor_83_interact
     00000012  ___bank_actor_8_interact           actor_8_interact
     00000012  ___bank_actor_8_update             actor_8_update
     00000012  ___bank_actor_92_interact          actor_92_interact
     00000012  ___bank_actor_94_interact          actor_94_interact
     00000012  ___bank_actor_9_interact           actor_9_interact
     00000012  ___bank_actor_9_update             actor_9_update
     00000012  ___bank_actor_machine_0_interact   actor_machine_0_interact
     00000012  ___bank_actor_machine_1_interact   actor_machine_1_interact
     00000012  ___bank_actor_machine_2_interact   actor_machine_2_interact
     00000012  ___bank_actor_machine_interact     actor_machine_interact
     00000012  ___bank_actor_radio_interact       actor_radio_interact
     00000012  ___bank_actor_sign_post_4_intera   actor_sign_post_4_interact
     00000012  ___bank_actor_sign_post_interact   actor_sign_post_interact
     00000012  ___bank_actor_turnip_1_interact    actor_turnip_1_interact
     00000012  ___bank_actor_turnip_1_update      actor_turnip_1_update
     00000012  ___bank_actor_turnip_2_interact    actor_turnip_2_interact
     00000012  ___bank_actor_turnip_2_update      actor_turnip_2_update
ASxxxx Linker V03.00 + NoICE + sdld,  page 16.
Hexadecimal  [32-Bits]

Area                                    Addr        Size        Decimal Bytes (Attributes)
--------------------------------        ----        ----        ------- ----- ------------
.  .ABS.                            00000000    00000000 =           0. bytes (ABS,CON)

      Value  Global                              Global Defined In Module
      -----  --------------------------------   ------------------------
     00000012  ___bank_actor_turnip_3_interact    actor_turnip_3_interact
     00000012  ___bank_actor_turnip_3_update      actor_turnip_3_update
     00000012  ___bank_bg_black                   bg_black
     00000012  ___bank_bg_black_tileset           bg_black_tileset
     00000012  ___bank_bg_cave                    bg_cave
     00000012  ___bank_bg_city_hall_proto         bg_city_hall_proto
     00000012  ___bank_bg_hidden_cave             bg_hidden_cave
     00000012  ___bank_bg_highway                 bg_highway
     00000012  ___bank_bg_hotelstreet             bg_hotelstreet
     00000012  ___bank_bg_house                   bg_house
     00000012  ___bank_bg_house2                  bg_house2
     00000012  ___bank_bg_insidestation2          bg_insidestation2
     00000012  ___bank_bg_launch_site             bg_launch_site
     00000012  ___bank_bg_leaving_earth           bg_leaving_earth
     00000012  ___bank_bg_logo                    bg_logo
     00000012  ___bank_bg_menu                    bg_menu
     00000012  ___bank_bg_menu_page1              bg_menu_page1
     00000012  ___bank_bg_menu_page2              bg_menu_page2
     00000012  ___bank_bg_outside                 bg_outside
     00000012  ___bank_bg_overworld_pixelnook_i   bg_overworld_pixelnook_indu
     00000012  ___bank_bg_overworld_playground_   bg_overworld_playground_pix
     00000012  ___bank_bg_parallax                bg_parallax
     00000012  ___bank_bg_placeholder1            bg_placeholder1
     00000012  ___bank_bg_platform_path           bg_platform_path
     00000012  ___bank_bg_police_station          bg_police_station
     00000012  ___bank_bg_restr                   bg_restr
     00000012  ___bank_bg_room                    bg_room
     00000012  ___bank_bg_sample_town             bg_sample_town
     00000012  ___bank_bg_stars                   bg_stars
     00000012  ___bank_bg_titlescreen             bg_titlescreen
     00000012  ___bank_bg_town                    bg_town
     00000012  ___bank_bg_underground             bg_underground
     00000012  ___bank_bootstrap_script           
     00000012  ___bank_cursor_image               cursor_image
     00000012  ___bank_emote_anger                emote_anger
     00000012  ___bank_emote_love                 emote_love
     00000012  ___bank_emote_music                emote_music
     00000012  ___bank_emote_pause                emote_pause
     00000012  ___bank_emote_shock                emote_shock
     00000012  ___bank_emote_sweat                emote_sweat
     00000012  ___bank_palette_0                  palette_0
     00000012  ___bank_palette_1                  palette_1
     00000012  ___bank_palette_10                 palette_10
     00000012  ___bank_palette_11                 palette_11
     00000012  ___bank_palette_12                 palette_12
     00000012  ___bank_palette_13                 palette_13
     00000012  ___bank_palette_14                 palette_14
     00000012  ___bank_palette_15                 palette_15
     00000012  ___bank_palette_16                 palette_16
     00000012  ___bank_palette_17                 palette_17
     00000012  ___bank_palette_18                 palette_18
ASxxxx Linker V03.00 + NoICE + sdld,  page 17.
Hexadecimal  [32-Bits]

Area                                    Addr        Size        Decimal Bytes (Attributes)
--------------------------------        ----        ----        ------- ----- ------------
.  .ABS.                            00000000    00000000 =           0. bytes (ABS,CON)

      Value  Global                              Global Defined In Module
      -----  --------------------------------   ------------------------
     00000012  ___bank_palette_19                 palette_19
     00000012  ___bank_palette_2                  palette_2
     00000012  ___bank_palette_20                 palette_20
     00000012  ___bank_palette_21                 palette_21
     00000012  ___bank_palette_3                  palette_3
     00000012  ___bank_palette_4                  palette_4
     00000012  ___bank_palette_5                  palette_5
     00000012  ___bank_palette_6                  palette_6
     00000012  ___bank_palette_7                  palette_7
     00000012  ___bank_palette_8                  palette_8
     00000012  ___bank_palette_9                  palette_9
     00000012  ___bank_scene_17                   scene_17
     00000012  ___bank_scene_17_sprites           scene_17_sprites
     00000012  ___bank_scene_17_triggers          scene_17_triggers
     00000012  ___bank_scene_20                   scene_20
     00000012  ___bank_scene_20_init              scene_20_init
     00000012  ___bank_scene_20_sprites           scene_20_sprites
     00000012  ___bank_scene_20_triggers          scene_20_triggers
     00000012  ___bank_scene_21                   scene_21
     00000012  ___bank_scene_21_sprites           scene_21_sprites
     00000012  ___bank_scene_21_triggers          scene_21_triggers
     00000012  ___bank_scene_22                   scene_22
     00000012  ___bank_scene_22_init              scene_22_init
     00000012  ___bank_scene_22_sprites           scene_22_sprites
     00000012  ___bank_scene_22_triggers          scene_22_triggers
     00000012  ___bank_scene_23                   scene_23
     00000012  ___bank_scene_23_sprites           scene_23_sprites
     00000012  ___bank_scene_23_triggers          scene_23_triggers
     00000012  ___bank_scene_24                   scene_24
     00000012  ___bank_scene_24_actors            scene_24_actors
     00000012  ___bank_scene_24_init              scene_24_init
     00000012  ___bank_scene_24_triggers          scene_24_triggers
     00000012  ___bank_scene_25                   scene_25
     00000012  ___bank_scene_25_init              scene_25_init
     00000012  ___bank_scene_25_sprites           scene_25_sprites
     00000012  ___bank_scene_25_triggers          scene_25_triggers
     00000012  ___bank_scene_26                   scene_26
     00000012  ___bank_scene_26_init              scene_26_init
     00000012  ___bank_scene_26_sprites           scene_26_sprites
     00000012  ___bank_scene_27                   scene_27
     00000012  ___bank_scene_27_init              scene_27_init
     00000012  ___bank_scene_27_sprites           scene_27_sprites
     00000012  ___bank_scene_27_triggers          scene_27_triggers
     00000012  ___bank_scene_28                   scene_28
     00000012  ___bank_scene_28_sprites           scene_28_sprites
     00000012  ___bank_scene_28_triggers          scene_28_triggers
     00000012  ___bank_scene_29                   scene_29
     00000012  ___bank_scene_29_init              scene_29_init
     00000012  ___bank_scene_29_sprites           scene_29_sprites
     00000012  ___bank_scene_29_triggers          scene_29_triggers
     00000012  ___bank_scene_30                   scene_30
ASxxxx Linker V03.00 + NoICE + sdld,  page 18.
Hexadecimal  [32-Bits]

Area                                    Addr        Size        Decimal Bytes (Attributes)
--------------------------------        ----        ----        ------- ----- ------------
.  .ABS.                            00000000    00000000 =           0. bytes (ABS,CON)

      Value  Global                              Global Defined In Module
      -----  --------------------------------   ------------------------
     00000012  ___bank_scene_30_init              scene_30_init
     00000012  ___bank_scene_30_sprites           scene_30_sprites
     00000012  ___bank_scene_30_triggers          scene_30_triggers
     00000012  ___bank_scene_battle               scene_battle
     00000012  ___bank_scene_battle_triggers      scene_battle_triggers
     00000012  ___bank_scene_cave                 scene_cave
     00000012  ___bank_scene_cave_init            scene_cave_init
     00000012  ___bank_scene_cave_sprites         scene_cave_sprites
     00000012  ___bank_scene_cave_triggers        scene_cave_triggers
     00000012  ___bank_scene_deep_space           scene_deep_space
     00000012  ___bank_scene_deep_space_init      scene_deep_space_init
     00000012  ___bank_scene_deep_space_sprites   scene_deep_space_sprites
     00000012  ___bank_scene_deep_space_trigger   scene_deep_space_triggers
     00000012  ___bank_scene_deeper_underground   scene_deeper_underground
     00000012  ___bank_scene_deeper_underground   scene_deeper_underground_ini
     00000012  ___bank_scene_deeper_underground   scene_deeper_underground_spr
     00000012  ___bank_scene_deeper_underground   scene_deeper_underground_tri
     00000012  ___bank_scene_dream                scene_dream
     00000012  ___bank_scene_launch_site          scene_launch_site
     00000012  ___bank_scene_launch_site_init     scene_launch_site_init
     00000012  ___bank_scene_launch_site_sprite   scene_launch_site_sprites
     00000012  ___bank_scene_launch_site_trigge   scene_launch_site_triggers
     00000012  ___bank_scene_logo                 scene_logo
     00000012  ___bank_scene_menu_3               scene_menu_3
     00000012  ___bank_scene_menu_3_sprites       scene_menu_3_sprites
     00000012  ___bank_scene_menu_page_1          scene_menu_page_1
     00000012  ___bank_scene_menu_page_2          scene_menu_page_2
     00000012  ___bank_scene_parallax_example     scene_parallax_example
     00000012  ___bank_scene_parallax_example_s   scene_parallax_example_sprit
     00000012  ___bank_scene_parallax_example_t   scene_parallax_example_trigg
     00000012  ___bank_scene_path_to_sample_tow   scene_path_to_sample_town
     00000012  ___bank_scene_path_to_sample_tow   scene_path_to_sample_town_sp
     00000012  ___bank_scene_path_to_sample_tow   scene_path_to_sample_town_tr
     00000012  ___bank_scene_player_s_house       scene_player_s_house
     00000012  ___bank_scene_player_s_house_ini   scene_player_s_house_init
     00000012  ___bank_scene_sample_town          scene_sample_town
     00000012  ___bank_scene_sample_town_init     scene_sample_town_init
     00000012  ___bank_scene_space_battle         scene_space_battle
     00000012  ___bank_scene_space_battle_proje   scene_space_battle_projectil
     00000012  ___bank_scene_space_battle_sprit   scene_space_battle_sprites
     00000012  ___bank_scene_space_battle_trigg   scene_space_battle_triggers
     00000012  ___bank_scene_title_screen         scene_title_screen
     00000012  ___bank_scene_top_house            scene_top_house
     00000012  ___bank_scene_top_house_init       scene_top_house_init
     00000012  ___bank_scene_top_house_sprites    scene_top_house_sprites
     00000012  ___bank_scene_top_house_triggers   scene_top_house_triggers
     00000012  ___bank_scene_underground          scene_underground
     00000012  ___bank_scene_underground_sprite   scene_underground_sprites
     00000012  ___bank_scene_underground_trigge   scene_underground_triggers
     00000012  ___bank_script_12                  script_12
     00000012  ___bank_script_enemy_ship_destro   script_enemy_ship_destroy
ASxxxx Linker V03.00 + NoICE + sdld,  page 19.
Hexadecimal  [32-Bits]

Area                                    Addr        Size        Decimal Bytes (Attributes)
--------------------------------        ----        ----        ------- ----- ------------
.  .ABS.                            00000000    00000000 =           0. bytes (ABS,CON)

      Value  Global                              Global Defined In Module
      -----  --------------------------------   ------------------------
     00000012  ___bank_script_enemy_ship_hit_pl   script_enemy_ship_hit_playe
     00000012  ___bank_script_engine_init         
     00000012  ___bank_script_init_menu           script_init_menu
     00000012  ___bank_script_init_weapons        script_init_weapons
     00000012  ___bank_script_input_0             script_input_0
     00000012  ___bank_script_input_1             script_input_1
     00000012  ___bank_script_input_2             script_input_2
     00000012  ___bank_script_input_3             script_input_3
     00000012  ___bank_script_turnip_init         script_turnip_init
     00000012  ___bank_sound_legacy_0             sound_legacy_0
     00000012  ___bank_sprite_ant                 sprite_ant
     00000012  ___bank_sprite_bullet_left         sprite_bullet_left
     00000012  ___bank_sprite_bullet_right        sprite_bullet_right
     00000012  ___bank_sprite_cat                 sprite_cat
     00000012  ___bank_sprite_checkbox            sprite_checkbox
     00000012  ___bank_sprite_checkbox_tileset    sprite_checkbox_tileset
     00000012  ___bank_sprite_chest_tileset       sprite_chest_tileset
     00000012  ___bank_sprite_chipmunk            sprite_chipmunk
     00000012  ___bank_sprite_dog                 sprite_dog
     00000012  ___bank_sprite_dog_tileset         sprite_dog_tileset
     00000012  ___bank_sprite_drumkit             sprite_drumkit
     00000012  ___bank_sprite_duck                sprite_duck
     00000012  ___bank_sprite_ferret              sprite_ferret
     00000012  ___bank_sprite_frog                sprite_frog
     00000012  ___bank_sprite_gerbil              sprite_gerbil
     00000012  ___bank_sprite_hedgehog            sprite_hedgehog
     00000012  ___bank_sprite_hidden_stairs       sprite_hidden_stairs
     00000012  ___bank_sprite_hidden_stairs_til   sprite_hidden_stairs_tileset
     00000012  ___bank_sprite_hpbarfull           sprite_hpbarfull
     00000012  ___bank_sprite_hpbarfull_tileset   sprite_hpbarfull_tileset
     00000012  ___bank_sprite_ice                 sprite_ice
     00000012  ___bank_sprite_ice_tileset         sprite_ice_tileset
     00000012  ___bank_sprite_inside_seven_elev   sprite_inside_seven_eleven
     00000012  ___bank_sprite_keyboard            sprite_keyboard
     00000012  ___bank_sprite_machine             sprite_machine
     00000012  ___bank_sprite_mantis              sprite_mantis
     00000012  ___bank_sprite_mouse               sprite_mouse
     00000012  ___bank_sprite_radio               sprite_radio
     00000012  ___bank_sprite_radio_tileset       sprite_radio_tileset
     00000012  ___bank_sprite_rock                sprite_rock
     00000012  ___bank_sprite_rock_tileset        sprite_rock_tileset
     00000012  ___bank_sprite_sage                sprite_sage
     00000012  ___bank_sprite_sage_tileset        sprite_sage_tileset
     00000012  ___bank_sprite_savepoint           sprite_savepoint
     00000012  ___bank_sprite_savepoint_tileset   sprite_savepoint_tileset
     00000012  ___bank_sprite_signpost            sprite_signpost
     00000012  ___bank_sprite_signpost_tileset    sprite_signpost_tileset
     00000012  ___bank_sprite_squirrel            sprite_squirrel
     00000012  ___bank_sprite_torch               sprite_torch
     00000012  ___bank_sprite_torch_tileset       sprite_torch_tileset
     00000012  ___bank_sprite_type7               sprite_type7
ASxxxx Linker V03.00 + NoICE + sdld,  page 20.
Hexadecimal  [32-Bits]

Area                                    Addr        Size        Decimal Bytes (Attributes)
--------------------------------        ----        ----        ------- ----- ------------
.  .ABS.                            00000000    00000000 =           0. bytes (ABS,CON)

      Value  Global                              Global Defined In Module
      -----  --------------------------------   ------------------------
     00000012  ___bank_sprite_types               sprite_types
     00000012  ___bank_sprite_typewood            sprite_typewood
     00000012  ___bank_sprite_ui_weapon           sprite_ui_weapon
     00000012  ___bank_sprite_ui_weapon_tileset   sprite_ui_weapon_tileset
     00000012  ___bank_spritesheet_none           spritesheet_none
     00000012  ___bank_trigger_0_interact         trigger_0_interact
     00000012  ___bank_trigger_14_interact        trigger_14_interact
     00000012  ___bank_trigger_15_interact        trigger_15_interact
     00000012  ___bank_trigger_16_interact        trigger_16_interact
     00000012  ___bank_trigger_17_interact        trigger_17_interact
     00000012  ___bank_trigger_18_interact        trigger_18_interact
     00000012  ___bank_trigger_19_interact        trigger_19_interact
     00000012  ___bank_trigger_1_interact         trigger_1_interact
     00000012  ___bank_trigger_23_interact        trigger_23_interact
     00000012  ___bank_trigger_24_interact        trigger_24_interact
     00000012  ___bank_trigger_25_interact        trigger_25_interact
     00000012  ___bank_trigger_26_interact        trigger_26_interact
     00000012  ___bank_trigger_27_interact        trigger_27_interact
     00000012  ___bank_trigger_29_interact        trigger_29_interact
     00000012  ___bank_trigger_2_interact         trigger_2_interact
     00000012  ___bank_trigger_30_interact        trigger_30_interact
     00000012  ___bank_trigger_32_interact        trigger_32_interact
     00000012  ___bank_trigger_33_interact        trigger_33_interact
     00000012  ___bank_trigger_35_interact        trigger_35_interact
     00000012  ___bank_trigger_36_interact        trigger_36_interact
     00000012  ___bank_trigger_37_interact        trigger_37_interact
     00000012  ___bank_trigger_39_interact        trigger_39_interact
     00000012  ___bank_trigger_3_interact         trigger_3_interact
     00000012  ___bank_trigger_41_interact        trigger_41_interact
     00000012  ___bank_trigger_42_interact        trigger_42_interact
     00000012  ___bank_trigger_43_interact        trigger_43_interact
     00000012  ___bank_trigger_45_interact        trigger_45_interact
     00000012  ___bank_trigger_47_interact        trigger_47_interact
     00000012  ___bank_trigger_48_interact        trigger_48_interact
     00000012  ___bank_trigger_49_interact        trigger_49_interact
     00000012  ___bank_trigger_4_interact         trigger_4_interact
     00000012  ___bank_trigger_50_interact        trigger_50_interact
     00000012  ___bank_trigger_51_interact        trigger_51_interact
     00000012  ___bank_trigger_52_interact        trigger_52_interact
     00000012  ___bank_trigger_53_interact        trigger_53_interact
     00000012  ___bank_trigger_54_interact        trigger_54_interact
     00000012  ___bank_trigger_55_interact        trigger_55_interact
     00000012  ___bank_trigger_56_interact        trigger_56_interact
     00000012  ___bank_trigger_57_interact        trigger_57_interact
     00000012  ___bank_trigger_58_interact        trigger_58_interact
     00000012  ___bank_trigger_59_interact        trigger_59_interact
     00000012  ___bank_trigger_5_interact         trigger_5_interact
     00000012  ___bank_trigger_60_interact        trigger_60_interact
     00000012  ___bank_trigger_61_interact        trigger_61_interact
     00000012  ___bank_trigger_62_interact        trigger_62_interact
     00000012  ___bank_trigger_63_interact        trigger_63_interact
ASxxxx Linker V03.00 + NoICE + sdld,  page 21.
Hexadecimal  [32-Bits]

Area                                    Addr        Size        Decimal Bytes (Attributes)
--------------------------------        ----        ----        ------- ----- ------------
.  .ABS.                            00000000    00000000 =           0. bytes (ABS,CON)

      Value  Global                              Global Defined In Module
      -----  --------------------------------   ------------------------
     00000012  ___bank_trigger_64_interact        trigger_64_interact
     00000012  ___bank_trigger_65_interact        trigger_65_interact
     00000012  ___bank_trigger_66_interact        trigger_66_interact
     00000012  ___bank_trigger_67_interact        trigger_67_interact
     00000012  ___bank_trigger_68_interact        trigger_68_interact
     00000012  ___bank_trigger_6_interact         trigger_6_interact
     00000012  ___bank_trigger_70_interact        trigger_70_interact
     00000012  ___bank_trigger_71_interact        trigger_71_interact
     00000012  ___bank_trigger_72_interact        trigger_72_interact
     00000012  ___bank_trigger_73_interact        trigger_73_interact
     00000012  ___bank_trigger_74_interact        trigger_74_interact
     00000012  ___bank_trigger_75_interact        trigger_75_interact
     00000012  ___bank_trigger_8_interact         trigger_8_interact
     00000012  ___bank_trigger_itemsbattle_inte   trigger_itemsbattle_interact
     00000012  b_SIO_init                         sio
     00000012  b_camera_init                      camera
     00000012  b_camera_reset                     camera
     00000012  b_input_init                       input
     00000012  b_parallax_init                    parallax
     00000012  b_remove_LCD_ISRs                  interrupts
     00000012  b_scroll_rect                      
     00000019  l__INITIALIZED                  
     00000019  l__INITIALIZER                  
     0000001C  __start_save                    
     00000027  l__GSINIT                       
     00000030  l__HEADER6                      
     0000004E  l__HEADER4                      
     00000082  l__HEADER10                     
     000001CB  l__CRASH_SCRATCH2               
     00000200  s__CODE                         
     00000C51  l__CODE                         
     00000E51  s__HOME                         
     0000197F  l__DATA                         
     00002000  _rROMB0                            
     00002C81  l__HOME                         
     00003000  _rROMB1                            
     00003520  l__CODE_18                      
     00003AD2  s__BASE                         
     00003AD2  s__CODE_0                       
     00003AD2  s__INITIALIZER                  
     00003AD2  s__LIT                          
     00003AEB  s__GSINIT                       
     00003B12  s__GSFINAL                      
     00003FFE  l__CODE_14                      
     00003FFF  l__CODE_2                       
     00003FFF  l__CODE_6                       
     00004000  _RTC_SELECT_REG                    vm_rtc
     00004000  _rRAMB                             
     00004000  l__CODE_1                       
     00004000  l__CODE_10                      
     00004000  l__CODE_11                      
ASxxxx Linker V03.00 + NoICE + sdld,  page 22.
Hexadecimal  [32-Bits]

Area                                    Addr        Size        Decimal Bytes (Attributes)
--------------------------------        ----        ----        ------- ----- ------------
.  .ABS.                            00000000    00000000 =           0. bytes (ABS,CON)

      Value  Global                              Global Defined In Module
[...]
                                          [ sprite_space_mine_tileset ]
C:/Users/user/AppData/Local/Temp/_gbsbuild/obj/sprite_space_mine.rel
                                          [ sprite_space_mine ]
C:/Users/user/AppData/Local/Temp/_gbsbuild/obj/sprite_squirrel_tileset.rel
                                          [ sprite_squirrel_tileset ]
C:/Users/user/AppData/Local/Temp/_gbsbuild/obj/sprite_squirrel.rel
                                          [ sprite_squirrel ]
C:/Users/user/AppData/Local/Temp/_gbsbuild/obj/sprite_torch_tileset.rel
                                          [ sprite_torch_tileset ]
C:/Users/user/AppData/Local/Temp/_gbsbuild/obj/sprite_torch.rel
                                          [ sprite_torch ]
C:/Users/user/AppData/Local/Temp/_gbsbuild/obj/sprite_turnip_tileset.rel
                                          [ sprite_turnip_tileset ]
C:/Users/user/AppData/Local/Temp/_gbsbuild/obj/sprite_turnip.rel
                                          [ sprite_turnip ]
C:/Users/user/AppData/Local/Temp/_gbsbuild/obj/sprite_type2_tileset.rel
                                          [ sprite_type2_tileset ]
C:/Users/user/AppData/Local/Temp/_gbsbuild/obj/sprite_type2.rel
                                          [ sprite_type2 ]
C:/Users/user/AppData/Local/Temp/_gbsbuild/obj/sprite_type4_tileset.rel
                                          [ sprite_type4_tileset ]
C:/Users/user/AppData/Local/Temp/_gbsbuild/obj/sprite_type4.rel
                                          [ sprite_type4 ]
C:/Users/user/AppData/Local/Temp/_gbsbuild/obj/sprite_type5_tileset.rel
                                          [ sprite_type5_tileset ]
C:/Users/user/AppData/Local/Temp/_gbsbuild/obj/sprite_type5.rel
                                          [ sprite_type5 ]
C:/Users/user/AppData/Local/Temp/_gbsbuild/obj/sprite_type6_tileset.rel
                                          [ sprite_type6_tileset ]
C:/Users/user/AppData/Local/Temp/_gbsbuild/obj/sprite_type6.rel
                                          [ sprite_type6 ]
C:/Users/user/AppData/Local/Temp/_gbsbuild/obj/sprite_type7_tileset.rel
                                          [ sprite_type7_tileset ]
C:/Users/user/AppData/Local/Temp/_gbsbuild/obj/sprite_type7.rel
                                          [ sprite_type7 ]
C:/Users/user/AppData/Local/Temp/_gbsbuild/obj/sprite_types_tileset.rel
                                          [ sprite_types_tileset ]
C:/Users/user/AppData/Local/Temp/_gbsbuild/obj/sprite_types.rel
                                          [ sprite_types ]
C:/Users/user/AppData/Local/Temp/_gbsbuild/obj/sprite_typewater_tileset.rel
                                          [ sprite_typewater_tileset ]
C:/Users/user/AppData/Local/Temp/_gbsbuild/obj/sprite_typewater.rel
                                          [ sprite_typewater ]
C:/Users/user/AppData/Local/Temp/_gbsbuild/obj/sprite_typewood_tileset.rel
                                          [ sprite_typewood_tileset ]
C:/Users/user/AppData/Local/Temp/_gbsbuild/obj/sprite_typewood.rel
                                          [ sprite_typewood ]
C:/Users/user/AppData/Local/Temp/_gbsbuild/obj/sprite_ui_weapon_tileset.rel
                                          [ sprite_ui_weapon_tileset ]
C:/Users/user/AppData/Local/Temp/_gbsbuild/obj/sprite_ui_weapon.rel
                                          [ sprite_ui_weapon ]
C:/Users/user/AppData/Local/Temp/_gbsbuild/obj/sprite_ungulate_tileset.rel
                                          [ sprite_ungulate_tileset ]
C:/Users/user/AppData/Local/Temp/_gbsbuild/obj/sprite_ungulate.rel
                                          [ sprite_ungulate ]
C:/Users/user/AppData/Local/Temp/_gbsbuild/obj/sprite_williemouse_tileset.rel
                                          [ sprite_williemouse_tileset ]
C:/Users/user/AppData/Local/Temp/_gbsbuild/obj/sprite_williemouse.rel
                                          [ sprite_williemouse ]
C:/Users/user/AppData/Local/Temp/_gbsbuild/obj/sprite_woman_platform_tileset.rel
                                          [ sprite_woman_platform_tileset ]
C:/Users/user/AppData/Local/Temp/_gbsbuild/obj/sprite_woman_platform.rel
                                          [ sprite_woman_platform ]
C:/Users/user/AppData/Local/Temp/_gbsbuild/obj/spritesheet_none.rel
                                          [ spritesheet_none ]
C:/Users/user/AppData/Local/Temp/_gbsbuild/obj/trigger_0_interact.rel
                                          [ trigger_0_interact ]
C:/Users/user/AppData/Local/Temp/_gbsbuild/obj/trigger_1_interact.rel
                                          [ trigger_1_interact ]
C:/Users/user/AppData/Local/Temp/_gbsbuild/obj/trigger_10_interact.rel
                                          [ trigger_10_interact ]
C:/Users/user/AppData/Local/Temp/_gbsbuild/obj/trigger_11_interact.rel
                                          [ trigger_11_interact ]
C:/Users/user/AppData/Local/Temp/_gbsbuild/obj/trigger_12_interact.rel
                                          [ trigger_12_interact ]
C:/Users/user/AppData/Local/Temp/_gbsbuild/obj/trigger_13_interact.rel
                                          [ trigger_13_interact ]
C:/Users/user/AppData/Local/Temp/_gbsbuild/obj/trigger_14_interact.rel
                                          [ trigger_14_interact ]
C:/Users/user/AppData/Local/Temp/_gbsbuild/obj/trigger_15_interact.rel
                                          [ trigger_15_interact ]
C:/Users/user/AppData/Local/Temp/_gbsbuild/obj/trigger_16_interact.rel
                                          [ trigger_16_interact ]
C:/Users/user/AppData/Local/Temp/_gbsbuild/obj/trigger_17_interact.rel
                                          [ trigger_17_interact ]
C:/Users/user/AppData/Local/Temp/_gbsbuild/obj/trigger_18_interact.rel
                                          [ trigger_18_interact ]
C:/Users/user/AppData/Local/Temp/_gbsbuild/obj/trigger_19_interact.rel
                                          [ trigger_19_interact ]
C:/Users/user/AppData/Local/Temp/_gbsbuild/obj/trigger_2_interact.rel
                                          [ trigger_2_interact ]
C:/Users/user/AppData/Local/Temp/_gbsbuild/obj/trigger_20_interact.rel
                                          [ trigger_20_interact ]
C:/Users/user/AppData/Local/Temp/_gbsbuild/obj/trigger_21_interact.rel
                                          [ trigger_21_interact ]
C:/Users/user/AppData/Local/Temp/_gbsbuild/obj/trigger_22_interact.rel
                                          [ trigger_22_interact ]
C:/Users/user/AppData/Local/Temp/_gbsbuild/obj/trigger_23_interact.rel
                                          [ trigger_23_interact ]
C:/Users/user/AppData/Local/Temp/_gbsbuild/obj/trigger_24_interact.rel
                                          [ trigger_24_interact ]
C:/Users/user/AppData/Local/Temp/_gbsbuild/obj/trigger_25_interact.rel
                                          [ trigger_25_interact ]
C:/Users/user/AppData/Local/Temp/_gbsbuild/obj/trigger_26_interact.rel
                                          [ trigger_26_interact ]
C:/Users/user/AppData/Local/Temp/_gbsbuild/obj/trigger_27_interact.rel
                                          [ trigger_27_interact ]
C:/Users/user/AppData/Local/Temp/_gbsbuild/obj/trigger_28_interact.rel
                                          [ trigger_28_interact ]
C:/Users/user/AppData/Local/Temp/_gbsbuild/obj/trigger_29_interact.rel
                                          [ trigger_29_interact ]
C:/Users/user/AppData/Local/Temp/_gbsbuild/obj/trigger_3_interact.rel
                                          [ trigger_3_interact ]
C:/Users/user/AppData/Local/Temp/_gbsbuild/obj/trigger_30_interact.rel
                                          [ trigger_30_interact ]
C:/Users/user/AppData/Local/Temp/_gbsbuild/obj/trigger_31_interact.rel
                                          [ trigger_31_interact ]
C:/Users/user/AppData/Local/Temp/_gbsbuild/obj/trigger_32_interact.rel
                                          [ trigger_32_interact ]
C:/Users/user/AppData/Local/Temp/_gbsbuild/obj/trigger_33_interact.rel
                                          [ trigger_33_interact ]
C:/Users/user/AppData/Local/Temp/_gbsbuild/obj/trigger_34_interact.rel
                                          [ trigger_34_interact ]
C:/Users/user/AppData/Local/Temp/_gbsbuild/obj/trigger_35_interact.rel
                                          [ trigger_35_interact ]
C:/Users/user/AppData/Local/Temp/_gbsbuild/obj/trigger_36_interact.rel
                                          [ trigger_36_interact ]
C:/Users/user/AppData/Local/Temp/_gbsbuild/obj/trigger_37_interact.rel
                                          [ trigger_37_interact ]
C:/Users/user/AppData/Local/Temp/_gbsbuild/obj/trigger_38_interact.rel
                                          [ trigger_38_interact ]
C:/Users/user/AppData/Local/Temp/_gbsbuild/obj/trigger_39_interact.rel
                                          [ trigger_39_interact ]
C:/Users/user/AppData/Local/Temp/_gbsbuild/obj/trigger_4_interact.rel
                                          [ trigger_4_interact ]
C:/Users/user/AppData/Local/Temp/_gbsbuild/obj/trigger_40_interact.rel
                                          [ trigger_40_interact ]
C:/Users/user/AppData/Local/Temp/_gbsbuild/obj/trigger_41_interact.rel
                                          [ trigger_41_interact ]
C:/Users/user/AppData/Local/Temp/_gbsbuild/obj/trigger_42_interact.rel
                                          [ trigger_42_interact ]
C:/Users/user/AppData/Local/Temp/_gbsbuild/obj/trigger_43_interact.rel
                                          [ trigger_43_interact ]
C:/Users/user/AppData/Local/Temp/_gbsbuild/obj/trigger_45_interact.rel
                                          [ trigger_45_interact ]
C:/Users/user/AppData/Local/Temp/_gbsbuild/obj/trigger_46_interact.rel
                                          [ trigger_46_interact ]
C:/Users/user/AppData/Local/Temp/_gbsbuild/obj/trigger_47_interact.rel
                                          [ trigger_47_interact ]
C:/Users/user/AppData/Local/Temp/_gbsbuild/obj/trigger_48_interact.rel
                                          [ trigger_48_interact ]
C:/Users/user/AppData/Local/Temp/_gbsbuild/obj/trigger_49_interact.rel
                                          [ trigger_49_interact ]
C:/Users/user/AppData/Local/Temp/_gbsbuild/obj/trigger_5_interact.rel
                                          [ trigger_5_interact ]
C:/Users/user/AppData/Local/Temp/_gbsbuild/obj/trigger_50_interact.rel
                                          [ trigger_50_interact ]
C:/Users/user/AppData/Local/Temp/_gbsbuild/obj/trigger_51_interact.rel
                                          [ trigger_51_interact ]
C:/Users/user/AppData/Local/Temp/_gbsbuild/obj/trigger_52_interact.rel
                                          [ trigger_52_interact ]
C:/Users/user/AppData/Local/Temp/_gbsbuild/obj/trigger_53_interact.rel
                                          [ trigger_53_interact ]
C:/Users/user/AppData/Local/Temp/_gbsbuild/obj/trigger_54_interact.rel
                                          [ trigger_54_interact ]
C:/Users/user/AppData/Local/Temp/_gbsbuild/obj/trigger_55_interact.rel
                                          [ trigger_55_interact ]
C:/Users/user/AppData/Local/Temp/_gbsbuild/obj/trigger_56_interact.rel
                                          [ trigger_56_interact ]
C:/Users/user/AppData/Local/Temp/_gbsbuild/obj/trigger_57_interact.rel
                                          [ trigger_57_interact ]
C:/Users/user/AppData/Local/Temp/_gbsbuild/obj/trigger_58_interact.rel
                                          [ trigger_58_interact ]
C:/Users/user/AppData/Local/Temp/_gbsbuild/obj/trigger_59_interact.rel
                                          [ trigger_59_interact ]
C:/Users/user/AppData/Local/Temp/_gbsbuild/obj/trigger_6_interact.rel
                                          [ trigger_6_interact ]
C:/Users/user/AppData/Local/Temp/_gbsbuild/obj/trigger_60_interact.rel
                                          [ trigger_60_interact ]
C:/Users/user/AppData/Local/Temp/_gbsbuild/obj/trigger_61_interact.rel
                                          [ trigger_61_interact ]
C:/Users/user/AppData/Local/Temp/_gbsbuild/obj/trigger_62_interact.rel
                                          [ trigger_62_interact ]
C:/Users/user/AppData/Local/Temp/_gbsbuild/obj/trigger_63_interact.rel
                                          [ trigger_63_interact ]
C:/Users/user/AppData/Local/Temp/_gbsbuild/obj/trigger_64_interact.rel
                                          [ trigger_64_interact ]
C:/Users/user/AppData/Local/Temp/_gbsbuild/obj/trigger_65_interact.rel
                                          [ trigger_65_interact ]
C:/Users/user/AppData/Local/Temp/_gbsbuild/obj/trigger_66_interact.rel
                                          [ trigger_66_interact ]
C:/Users/user/AppData/Local/Temp/_gbsbuild/obj/trigger_67_interact.rel
                                          [ trigger_67_interact ]
C:/Users/user/AppData/Local/Temp/_gbsbuild/obj/trigger_68_interact.rel
                                          [ trigger_68_interact ]
C:/Users/user/AppData/Local/Temp/_gbsbuild/obj/trigger_69_interact.rel
                                          [ trigger_69_interact ]
C:/Users/user/AppData/Local/Temp/_gbsbuild/obj/trigger_7_interact.rel
                                          [ trigger_7_interact ]
C:/Users/user/AppData/Local/Temp/_gbsbuild/obj/trigger_70_interact.rel
                                          [ trigger_70_interact ]
C:/Users/user/AppData/Local/Temp/_gbsbuild/obj/trigger_71_interact.rel
                                          [ trigger_71_interact ]
C:/Users/user/AppData/Local/Temp/_gbsbuild/obj/trigger_72_interact.rel
                                          [ trigger_72_interact ]
C:/Users/user/AppData/Local/Temp/_gbsbuild/obj/trigger_73_interact.rel
                                          [ trigger_73_interact ]
C:/Users/user/AppData/Local/Temp/_gbsbuild/obj/trigger_74_interact.rel
                                          [ trigger_74_interact ]
C:/Users/user/AppData/Local/Temp/_gbsbuild/obj/trigger_75_interact.rel
                                          [ trigger_75_interact ]
C:/Users/user/AppData/Local/Temp/_gbsbuild/obj/trigger_8_interact.rel
                                          [ trigger_8_interact ]
C:/Users/user/AppData/Local/Temp/_gbsbuild/obj/trigger_9_interact.rel
                                          [ trigger_9_interact ]
C:/Users/user/AppData/Local/Temp/_gbsbuild/obj/trigger_fight_interact.rel
                                          [ trigger_fight_interact ]
C:/Users/user/AppData/Local/Temp/_gbsbuild/obj/trigger_itemsbattle_interact.rel
                                          [ trigger_itemsbattle_interact ]
C:/Users/user/AppData/Local/Temp/_gbsbuild/obj/trigger_switchy_interact.rel
                                          [ trigger_switchy_interact ]
C:/Users/user/AppData/Local/Temp/_gbsbuild/obj/main.rel
                                          [ main ]
C:/Users/user/AppData/Local/Temp/_gbsbuild/obj/adventure.rel
                                          [ adventure ]
C:/Users/user/AppData/Local/Temp/_gbsbuild/obj/logo.rel
                                          [ logo ]
C:/Users/user/AppData/Local/Temp/_gbsbuild/obj/platform.rel
                                          [ platform ]
C:/Users/user/AppData/Local/Temp/_gbsbuild/obj/pointnclick.rel
                                          [ pointnclick ]
C:/Users/user/AppData/Local/Temp/_gbsbuild/obj/shmup.rel
                                          [ shmup ]
C:/Users/user/AppData/Local/Temp/_gbsbuild/obj/states_ptrs.rel
                                          [  ]
C:/Users/user/AppData/Local/Temp/_gbsbuild/obj/topdown.rel
                                          [ topdown ]


Libraries Linked                          [ object file ]

C:\Users\user\AppData\Local\Temp/_gbstools/gbdk/lib/small/asxxxx/gb/gb.lib
                                          [ fill_rect_wi.o ]
C:\Users\user\AppData\Local\Temp/_gbstools/gbdk/lib/small/asxxxx/gbz80/gbz80.lib
                                          [ rand.o ]
lib/hUGEDriver.lib                        [ hUGEDriver.obj.o ]
C:\Users\user\AppData\Local\Temp/_gbstools/gbdk/lib/small/asxxxx/gb/gb.lib
                                          [ sfr.o ]
C:\Users\user\AppData\Local\Temp/_gbstools/gbdk/lib/small/asxxxx/gb/gb.lib
                                          [ get_data.o ]
C:\Users\user\AppData\Local\Temp/_gbstools/gbdk/lib/small/asxxxx/gb/gb.lib
                                          [ get_tile.o ]
C:\Users\user\AppData\Local\Temp/_gbstools/gbdk/lib/small/asxxxx/gb/gb.lib
                                          [ cgb_palettes.o ]
C:\Users\user\AppData\Local\Temp/_gbstools/gbdk/lib/small/asxxxx/gb/gb.lib
                                          [ metasprites_hide_spr.o ]
C:\Users\user\AppData\Local\Temp/_gbstools/gbdk/lib/small/asxxxx/gbz80/gbz80.lib
                                          [ mul.o ]
C:\Users\user\AppData\Local\Temp/_gbstools/gbdk/lib/small/asxxxx/gbz80/gbz80.lib
                                          [ abs.o ]
C:\Users\user\AppData\Local\Temp/_gbstools/gbdk/lib/small/asxxxx/gb/gb.lib
                                          [ set_wi_t.o ]
C:\Users\user\AppData\Local\Temp/_gbstools/gbdk/lib/small/asxxxx/gb/gb.lib
                                          [ set_data.o ]
C:\Users\user\AppData\Local\Temp/_gbstools/gbdk/lib/small/asxxxx/gbz80/gbz80.lib
                                          [ reverse.o ]
C:\Users\user\AppData\Local\Temp/_gbstools/gbdk/lib/small/asxxxx/gb/gb.lib
                                          [ far_ptr.o ]
C:\Users\user\AppData\Local\Temp/_gbstools/gbdk/lib/small/asxxxx/gb/gb.lib
                                          [ sgb.o ]
C:\Users\user\AppData\Local\Temp/_gbstools/gbdk/lib/small/asxxxx/gb/gb.lib
                                          [ lcd.o ]
C:\Users\user\AppData\Local\Temp/_gbstools/gbdk/lib/small/asxxxx/gb/gb.lib
                                          [ fill_rect.o ]
C:\Users\user\AppData\Local\Temp/_gbstools/gbdk/lib/small/asxxxx/gb/gb.lib
                                          [ cpy_data.o ]
C:\Users\user\AppData\Local\Temp/_gbstools/gbdk/lib/small/asxxxx/gb/gb.lib
                                          [ fill_rect_bk.o ]
C:\Users\user\AppData\Local\Temp/_gbstools/gbdk/lib/small/asxxxx/gb/gb.lib
                                          [ pad.o ]
C:\Users\user\AppData\Local\Temp/_gbstools/gbdk/lib/small/asxxxx/gb/gb.lib
                                          [ metasprites.o ]
C:\Users\user\AppData\Local\Temp/_gbstools/gbdk/lib/small/asxxxx/gbz80/gbz80.lib
                                          [ __sdcc_call_hl.o ]
C:\Users\user\AppData\Local\Temp/_gbstools/gbdk/lib/small/asxxxx/gbz80/gbz80.lib
                                          [ _memcpy.o ]
C:\Users\user\AppData\Local\Temp/_gbstools/gbdk/lib/small/asxxxx/gbz80/gbz80.lib
                                          [ _memset.o ]
C:\Users\user\AppData\Local\Temp/_gbstools/gbdk/lib/small/asxxxx/gb/gb.lib
                                          [ set_xy_t.o ]
C:\Users\user\AppData\Local\Temp/_gbstools/gbdk/lib/small/asxxxx/gb/gb.lib
                                          [ cgb.o ]
C:\Users\user\AppData\Local\Temp/_gbstools/gbdk/lib/small/asxxxx/gbz80/gbz80.lib
                                          [ div.o ]
C:\Users\user\AppData\Local\Temp/_gbstools/gbdk/lib/small/asxxxx/gb/gb.lib
                                          [ set_bk_t.o ]

ASxxxx Linker V03.00 + NoICE + sdld,  page 112.

User Base Address Definitions

_DATA=0xC0A0
_CODE=0x0200
ASxxxx Linker V03.00 + NoICE + sdld,  page 113.

User Global Definitions

.STACK=0xDF00
_shadow_OAM=0xC000
.refresh_OAM=0xFF80
__start_save=28

